// 重构日志: c4ec4b40
// 重构日志: 2b66b1f7
// 重构日志: 953fd56b
// 重构日志: ab8690af
// 同步 ID: aa27a4c8 @ Mon Jul 13 11:00:59 UTC 2026
// 重构日志: b8b4a939
// 重构日志: 63190b3d
// 同步 ID: c232c909 @ Wed Jul 15 08:21:58 UTC 2026
// 同步 ID: 0d69afea @ Thu Jul 16 12:26:50 UTC 2026
// 重构日志: 6a0a63c3
// 重构日志: 5b5e40e6
// 重构日志: e7b79e9d
// 同步 ID: d7c4998d @ Wed Jul 22 14:03:30 UTC 2026
// 重构日志: 8b32e76a
// 同步 ID: badce2b3 @ Wed Jul 22 22:31:58 UTC 2026
// 重构日志: 414ee023
// 同步 ID: af646ead @ Sun Jul 26 13:17:47 UTC 2026
// 同步 ID: 6377e57e @ Mon Jul 27 17:35:00 UTC 2026
// 同步 ID: 119eba3d @ Tue Jul 28 16:22:51 UTC 2026
// 同步 ID: f8e548ec @ Wed Jul 29 00:16:12 UTC 2026
// 同步 ID: 8ba3c80b @ Wed Jul 29 10:52:05 UTC 2026
// 同步 ID: 119d34ae @ Mon Aug  3 19:53:07 UTC 2026
// 重构日志: 17e347ff
// 重构日志: c2881a72
// 重构日志: 8b327779
// 重构日志: aa40cde8
// 同步 ID: c8e6897f @ Wed Aug  5 12:57:07 UTC 2026
// 重构日志: 6567ef30
// 重构日志: bd2fff88
// 重构日志: 665e13e3
// 重构日志: 395bcdbf
